// Vitest Snapshot v1, https://vitest.dev/guide/snapshot.html

exports[`ChatCodeComposer > renders composer with toolbar and textarea 1`] = `
<div>
  <div
    class="chat-code-composer"
  >
    <div
      aria-label="Acciones del compositor"
      class="chat-code-toolbar"
      role="toolbar"
    >
      <button
        aria-label="Bloque de código"
        class="composer-toolbar-button"
        title="Bloque de código (Ctrl+Shift+\`)"
        type="button"
      >
        <span
          aria-hidden="true"
        >
          🧱
        </span>
      </button>
      <button
        aria-label="Envolver selección"
        class="composer-toolbar-button"
        title="Envolver selección (Ctrl+Shift+C)"
        type="button"
      >
        <span
          aria-hidden="true"
        >
          🪄
        </span>
      </button>
      <button
        aria-label="Copiar todo"
        class="composer-toolbar-button"
        title="Copiar todo"
        type="button"
      >
        <span
          aria-hidden="true"
        >
          📋
        </span>
      </button>
      <div
        class="chat-code-toolbar-spacer"
      />
      <span
        aria-live="polite"
        class="chat-code-token-count"
      >
        3
         tokens estimados
      </span>
    </div>
    <textarea
      class="chat-code-textarea"
      rows="4"
    >
      Hola agentes
    </textarea>
  </div>
</div>
`;
