// Vitest Snapshot v1, https://vitest.dev/guide/snapshot.html

exports[`MessageContent > renders fenced code blocks with actions 1`] = `
<div>
  <p
    class="message-card-content"
  >
    Respuesta:


  </p>
  <div
    class="message-code-block"
  >
    <div
      class="message-code-toolbar"
    >
      <div
        class="message-code-meta"
      >
        <span
          class="message-code-language"
        >
          ts
        </span>
        <span
          class="message-code-lines"
        >
          2 líneas
        </span>
      </div>
      <div
        class="message-code-actions"
      >
        <button
          aria-label="Copiar bloque de código"
          class="message-code-copy"
          title="Copiar bloque de código"
          type="button"
        >
          Copiar
        </button>
        <div
          aria-label="Acciones adicionales del bloque de código"
          class="message-actions"
          role="group"
        >
          <button
            aria-expanded="false"
            aria-haspopup="true"
            aria-label="Abrir menú de acciones"
            class="message-action-trigger"
            type="button"
          >
            ⋯
          </button>
        </div>
      </div>
    </div>
    <pre>
      <code
        class="language-ts"
      >
        <span
          class="hljs-keyword"
        >
          const
        </span>
         
        <span
          class="hljs-attr"
        >
          saludo
        </span>
        : 
        <span
          class="hljs-built_in"
        >
          string
        </span>
         = 
        <span
          class="hljs-string"
        >
          'hola'
        </span>
        ;

        <span
          class="hljs-variable language_"
        >
          console
        </span>
        .
        <span
          class="hljs-title function_"
        >
          log
        </span>
        (saludo);
      </code>
    </pre>
  </div>
  <p
    class="message-card-content"
  >
    

Fin.
  </p>
</div>
`;

exports[`MessageContent > renders plain text segments 1`] = `
<div>
  <p
    class="message-card-content"
  >
    Hola mundo
  </p>
</div>
`;
